[INFO] 2025/06/30 04:07:28: Checking all possible Updates ......
[INFO] 2025/06/30 04:07:28: <Zerojudge> : Start fetching submissions ......
[INFO] 2025/06/30 04:07:28: <UVa> : Start fetching submissions ......
[INFO] 2025/06/30 04:07:28: <Kattis> : Start fetching submissions ......
[INFO] 2025/06/30 04:07:28: <TOJ> : Start fetching submissions ......
[INFO] 2025/06/30 04:07:28: <AtCoder> : Start fetching submissions ......
[INFO] 2025/06/30 04:07:28: <CodeForces> : Start fetching submissions ......
[INFO] 2025/06/30 04:07:29: <CodeForces> : Submissions fetching COMPLETE  :) ( 243 subs )
[INFO] 2025/06/30 04:07:29: <AtCoder> : Submissions fetching COMPLETE  :) ( 90 subs )
[INFO] 2025/06/30 04:07:32: <UVa> : Submissions fetching COMPLETE  :) ( 499 subs )
[WARNING] 2025/06/30 04:07:34: Retrying (Retry(total=2, connect=None, read=None, redirect=None, status=None)) after connection broken by 'NewConnectionError('<urllib3.connection.HTTPConnection object at 0x7f4b8eb99310>: Failed to establish a new connection: [Errno 111] Connection refused')': /session/d1bc406954e5efc0550f44696029b150/elements
[WARNING] 2025/06/30 04:07:34: Retrying (Retry(total=1, connect=None, read=None, redirect=None, status=None)) after connection broken by 'NewConnectionError('<urllib3.connection.HTTPConnection object at 0x7f4b765927e0>: Failed to establish a new connection: [Errno 111] Connection refused')': /session/d1bc406954e5efc0550f44696029b150/elements
[WARNING] 2025/06/30 04:07:34: Retrying (Retry(total=0, connect=None, read=None, redirect=None, status=None)) after connection broken by 'NewConnectionError('<urllib3.connection.HTTPConnection object at 0x7f4b76592a20>: Failed to establish a new connection: [Errno 111] Connection refused')': /session/d1bc406954e5efc0550f44696029b150/elements
[ERROR] 2025/06/30 04:07:34: <TOJ> : Unable to fetch submissions :(
[INFO] 2026/08/09 23:47:33: <Zerojudge> : Start fetching submissions ......
[INFO] 2026/08/09 23:47:33: <UVa> : Start fetching submissions ......
[INFO] 2026/08/09 23:47:33: <Kattis> : Start fetching submissions ......
[INFO] 2026/08/09 23:47:33: <TOJ> : Start fetching submissions ......
[INFO] 2026/08/09 23:47:33: <AtCoder> : Start fetching submissions ......
[INFO] 2026/08/09 23:47:33: <CodeForces> : Start fetching submissions ......
[INFO] 2026/08/09 23:47:33: <AtCoder> : Submissions fetching COMPLETE  :) ( 94 subs )
[INFO] 2026/08/09 23:47:34: <CodeForces> : Submissions fetching COMPLETE  :) ( 273 subs )
[INFO] 2026/08/09 23:47:37: <UVa> : Submissions fetching COMPLETE  :) ( 524 subs )
[ERROR] 2026/08/09 23:47:40: <Zerojudge> : Unable to fetch submissions :( - NoSuchElementException: Message: no such element: Unable to locate element: {"method":"xpath","selector":"/html/body/div[3]/div/div[1]/div/div[2]/div[9]/a"}
  (Session info: chrome=147.0.7727.137); For documentation on this error, please visit: https://www.selenium.dev/documentation/webdriver/troubleshooting/errors#nosuchelementexception
Stacktrace:
#0 0x556dc324779a <unknown>
#1 0x556dc2c43215 <unknown>
#2 0x556dc2c95f06 <unknown>
#3 0x556dc2c96141 <unknown>
#4 0x556dc2ce1634 <unknown>
#5 0x556dc2cde7d0 <unknown>
#6 0x556dc2c8955f <unknown>
#7 0x556dc2c8a321 <unknown>
#8 0x556dc320b06b <unknown>
#9 0x556dc320e01d <unknown>
#10 0x556dc31f7718 <unknown>
#11 0x556dc320ebb0 <unknown>
#12 0x556dc31de150 <unknown>
#13 0x556dc32345e8 <unknown>
#14 0x556dc32347b8 <unknown>
#15 0x556dc32461de <unknown>
#16 0x7fbb2fd00b84 <unknown>
#17 0x7fbb2fd8dd6c <unknown>

[INFO] 2026/08/09 23:47:45: <TOJ> : Submissions fetching COMPLETE  :) ( 104 subs )
[INFO] 2026/08/09 23:47:48: <Kattis> : Submissions fetching COMPLETE  :) ( 141 subs )
[INFO] 2026/08/09 23:48:25: <Zerojudge> : Start fetching submissions ......
[INFO] 2026/08/09 23:48:25: <UVa> : Start fetching submissions ......
[INFO] 2026/08/09 23:48:25: <Kattis> : Start fetching submissions ......
[INFO] 2026/08/09 23:48:25: <TOJ> : Start fetching submissions ......
[INFO] 2026/08/09 23:48:25: <AtCoder> : Start fetching submissions ......
[INFO] 2026/08/09 23:48:25: <CodeForces> : Start fetching submissions ......
[INFO] 2026/08/09 23:48:26: <AtCoder> : Submissions fetching COMPLETE  :) ( 94 subs )
[INFO] 2026/08/09 23:48:26: <CodeForces> : Submissions fetching COMPLETE  :) ( 273 subs )
[INFO] 2026/08/09 23:48:29: <UVa> : Submissions fetching COMPLETE  :) ( 524 subs )
[ERROR] 2026/08/09 23:48:32: <Zerojudge> : Unable to fetch submissions :( - NoSuchElementException: Message: no such element: Unable to locate element: {"method":"xpath","selector":"/html/body/div[3]/div/div[1]/div/div[2]/div[9]/a"}
  (Session info: chrome=147.0.7727.137); For documentation on this error, please visit: https://www.selenium.dev/documentation/webdriver/troubleshooting/errors#nosuchelementexception
Stacktrace:
#0 0x5607fc02079a <unknown>
#1 0x5607fba1c215 <unknown>
#2 0x5607fba6ef06 <unknown>
#3 0x5607fba6f141 <unknown>
#4 0x5607fbaba634 <unknown>
#5 0x5607fbab77d0 <unknown>
#6 0x5607fba6255f <unknown>
#7 0x5607fba63321 <unknown>
#8 0x5607fbfe406b <unknown>
#9 0x5607fbfe701d <unknown>
#10 0x5607fbfd0718 <unknown>
#11 0x5607fbfe7bb0 <unknown>
#12 0x5607fbfb7150 <unknown>
#13 0x5607fc00d5e8 <unknown>
#14 0x5607fc00d7b8 <unknown>
#15 0x5607fc01f1de <unknown>
#16 0x7f9b876a4b84 <unknown>
#17 0x7f9b87731d6c <unknown>

[INFO] 2026/08/09 23:48:37: <TOJ> : Submissions fetching COMPLETE  :) ( 104 subs )
[INFO] 2026/08/09 23:48:40: <Kattis> : Submissions fetching COMPLETE  :) ( 141 subs )
[INFO] 2026/08/09 23:49:19: <Zerojudge> : Start fetching submissions ......
[INFO] 2026/08/09 23:49:19: <UVa> : Start fetching submissions ......
[INFO] 2026/08/09 23:49:19: <Kattis> : Start fetching submissions ......
[INFO] 2026/08/09 23:49:19: <TOJ> : Start fetching submissions ......
[INFO] 2026/08/09 23:49:19: <AtCoder> : Start fetching submissions ......
[INFO] 2026/08/09 23:49:19: <CodeForces> : Start fetching submissions ......
[INFO] 2026/08/09 23:49:19: <AtCoder> : Submissions fetching COMPLETE  :) ( 94 subs )
[INFO] 2026/08/09 23:49:20: <CodeForces> : Submissions fetching COMPLETE  :) ( 273 subs )
[INFO] 2026/08/09 23:49:23: <UVa> : Submissions fetching COMPLETE  :) ( 524 subs )
[INFO] 2026/08/09 23:49:31: <TOJ> : Submissions fetching COMPLETE  :) ( 104 subs )
[ERROR] 2026/08/09 23:49:31: <Zerojudge> : Unable to fetch submissions :( - NoSuchElementException: Message: no such element: Unable to locate element: {"method":"xpath","selector":"/html/body/div[3]/div/div[1]/div/div[2]/div[9]/a"}
  (Session info: chrome=147.0.7727.137); For documentation on this error, please visit: https://www.selenium.dev/documentation/webdriver/troubleshooting/errors#nosuchelementexception
Stacktrace:
#0 0x55685130379a <unknown>
#1 0x556850cff215 <unknown>
#2 0x556850d51f06 <unknown>
#3 0x556850d52141 <unknown>
#4 0x556850d9d634 <unknown>
#5 0x556850d9a7d0 <unknown>
#6 0x556850d4555f <unknown>
#7 0x556850d46321 <unknown>
#8 0x5568512c706b <unknown>
#9 0x5568512ca01d <unknown>
#10 0x5568512b3718 <unknown>
#11 0x5568512cabb0 <unknown>
#12 0x55685129a150 <unknown>
#13 0x5568512f05e8 <unknown>
#14 0x5568512f07b8 <unknown>
#15 0x5568513021de <unknown>
#16 0x7fa2c061db84 <unknown>
#17 0x7fa2c06aad6c <unknown>

[INFO] 2026/08/09 23:49:33: <Kattis> : Submissions fetching COMPLETE  :) ( 141 subs )
[INFO] 2026/08/10 16:44:01: <Zerojudge> : Start fetching submissions ......
[INFO] 2026/08/10 16:44:01: <UVa> : Start fetching submissions ......
[INFO] 2026/08/10 16:44:01: <Kattis> : Start fetching submissions ......
[INFO] 2026/08/10 16:44:01: <TOJ> : Start fetching submissions ......
[INFO] 2026/08/10 16:44:01: <AtCoder> : Start fetching submissions ......
[INFO] 2026/08/10 16:44:01: <CodeForces> : Start fetching submissions ......
[INFO] 2026/08/10 16:44:02: <AtCoder> : Submissions fetching COMPLETE  :) ( 94 subs )
[INFO] 2026/08/10 16:44:02: <CodeForces> : Submissions fetching COMPLETE  :) ( 273 subs )
[ERROR] 2026/08/10 16:44:02: <Zerojudge> : Unable to fetch submissions :( - NoSuchElementException: Message: no such element: Unable to locate element: {"method":"xpath","selector":"/html/body/div[4]/div[2]/div[2]/form/div[1]/div/input"}
  (Session info: chrome=147.0.7727.137); For documentation on this error, please visit: https://www.selenium.dev/documentation/webdriver/troubleshooting/errors#nosuchelementexception
Stacktrace:
#0 0x55cf490fd79a <unknown>
#1 0x55cf48af9215 <unknown>
#2 0x55cf48b4bf06 <unknown>
#3 0x55cf48b4c141 <unknown>
#4 0x55cf48b97634 <unknown>
#5 0x55cf48b947d0 <unknown>
#6 0x55cf48b3f55f <unknown>
#7 0x55cf48b40321 <unknown>
#8 0x55cf490c106b <unknown>
#9 0x55cf490c401d <unknown>
#10 0x55cf490ad718 <unknown>
#11 0x55cf490c4bb0 <unknown>
#12 0x55cf49094150 <unknown>
#13 0x55cf490ea5e8 <unknown>
#14 0x55cf490ea7b8 <unknown>
#15 0x55cf490fc1de <unknown>
#16 0x7fb8f9849b84 <unknown>
#17 0x7fb8f98d6d6c <unknown>

[INFO] 2026/08/10 16:44:07: <UVa> : Submissions fetching COMPLETE  :) ( 524 subs )
[INFO] 2026/08/10 16:44:13: <TOJ> : Submissions fetching COMPLETE  :) ( 104 subs )
[INFO] 2026/08/10 16:44:14: <Kattis> : Submissions fetching COMPLETE  :) ( 141 subs )
